// Jest Snapshot v1, https://goo.gl/fbAQLP

exports[`FreshReleases renders filters correctly 1`] = `"<div id=\\"filters-container\\"><div id=\\"coverart-checkbox\\"><button type=\\"button\\" style=\\"padding: 4px 12px; margin: unset;\\" class=\\"pill secondary \\">Hide releases without coverart</button></div><div id=\\"release-filters\\"><div id=\\"title-container\\"><div id=\\"type-title\\" class=\\"text-muted\\">Filters</div><div id=\\"clearall-btn-inactive\\" class=\\"text-muted\\" role=\\"button\\" aria-hidden=\\"true\\">×</div></div><div id=\\"filters-list\\"><span><input id=\\"filters-item-0\\" class=\\"type-container\\" type=\\"checkbox\\" aria-hidden=\\"true\\" aria-checked=\\"false\\" value=\\"EP\\"><label for=\\"filters-item-0\\" class=\\"type-name-inactive\\">EP</label></span><span><input id=\\"filters-item-1\\" class=\\"type-container\\" type=\\"checkbox\\" aria-hidden=\\"true\\" aria-checked=\\"false\\" value=\\"Soundtrack\\"><label for=\\"filters-item-1\\" class=\\"type-name-inactive\\">Soundtrack</label></span><span><input id=\\"filters-item-2\\" class=\\"type-container\\" type=\\"checkbox\\" aria-hidden=\\"true\\" aria-checked=\\"false\\" value=\\"Single\\"><label for=\\"filters-item-2\\" class=\\"type-name-inactive\\">Single</label></span><span><input id=\\"filters-item-3\\" class=\\"type-container\\" type=\\"checkbox\\" aria-hidden=\\"true\\" aria-checked=\\"false\\" value=\\"Demo\\"><label for=\\"filters-item-3\\" class=\\"type-name-inactive\\">Demo</label></span><span><input id=\\"filters-item-4\\" class=\\"type-container\\" type=\\"checkbox\\" aria-hidden=\\"true\\" aria-checked=\\"false\\" value=\\"Album\\"><label for=\\"filters-item-4\\" class=\\"type-name-inactive\\">Album</label></span><span><input id=\\"filters-item-5\\" class=\\"type-container\\" type=\\"checkbox\\" aria-hidden=\\"true\\" aria-checked=\\"false\\" value=\\"Live\\"><label for=\\"filters-item-5\\" class=\\"type-name-inactive\\">Live</label></span><span><input id=\\"filters-item-6\\" class=\\"type-container\\" type=\\"checkbox\\" aria-hidden=\\"true\\" aria-checked=\\"false\\" value=\\"DJ-mix\\"><label for=\\"filters-item-6\\" class=\\"type-name-inactive\\">DJ-mix</label></span><span><input id=\\"filters-item-7\\" class=\\"type-container\\" type=\\"checkbox\\" aria-hidden=\\"true\\" aria-checked=\\"false\\" value=\\"Remix\\"><label for=\\"filters-item-7\\" class=\\"type-name-inactive\\">Remix</label></span><span><input id=\\"filters-item-8\\" class=\\"type-container\\" type=\\"checkbox\\" aria-hidden=\\"true\\" aria-checked=\\"false\\" value=\\"Compilation\\"><label for=\\"filters-item-8\\" class=\\"type-name-inactive\\">Compilation</label></span><span><input id=\\"filters-item-9\\" class=\\"type-container\\" type=\\"checkbox\\" aria-hidden=\\"true\\" aria-checked=\\"false\\" value=\\"Mixtape/Street\\"><label for=\\"filters-item-9\\" class=\\"type-name-inactive\\">Mixtape/Street</label></span></div></div></div>"`;

exports[`FreshReleases renders sitewide fresh releases page, including timeline component 1`] = `"<h2 id=\\"fr-heading\\">Fresh Releases</h2><h3 id=\\"fr-subheading\\">Discover new music from artists you listen to</h3><div id=\\"fr-pill-row\\"><button type=\\"button\\" id=\\"sitewide-releases\\" class=\\"pill  active\\">All Releases</button><button type=\\"button\\" id=\\"user-releases\\" class=\\"pill  \\">Releases For You</button></div><div class=\\"releases-page row\\"><div class=\\"filters-main col-xs-12 col-md-1\\"><div id=\\"filters-container\\"><div id=\\"coverart-checkbox\\"><button type=\\"button\\" style=\\"padding: 4px 12px; margin: unset;\\" class=\\"pill secondary \\">Hide releases without coverart</button></div><div id=\\"release-filters\\"><div id=\\"title-container\\"><div id=\\"type-title\\" class=\\"text-muted\\">Filters</div><div id=\\"clearall-btn-inactive\\" class=\\"text-muted\\" role=\\"button\\" aria-hidden=\\"true\\">×</div></div><div id=\\"filters-list\\"></div></div></div></div><div id=\\"release-cards-grid\\" class=\\"col-xs-12 col-md-10\\"></div><div class=\\"releases-timeline col-xs-12 col-md-1\\"></div></div>"`;

exports[`FreshReleases renders the page correctly 1`] = `"<h2 id=\\"fr-heading\\">Fresh Releases</h2><h3 id=\\"fr-subheading\\">Discover new music from artists you listen to</h3><div id=\\"fr-pill-row\\"><button type=\\"button\\" id=\\"sitewide-releases\\" class=\\"pill  \\">All Releases</button><button type=\\"button\\" id=\\"user-releases\\" class=\\"pill  active\\">Releases For You</button></div><div class=\\"releases-page row\\"><div class=\\"spinner-container\\"><div aria-busy=\\"true\\" class=\\"\\"><svg width=\\"100\\" height=\\"100\\" viewBox=\\"0 0 105 105\\" fill=\\"#eb743b\\" aria-label=\\"audio-loading\\"><circle cx=\\"12.5\\" cy=\\"12.5\\" r=\\"12.5\\"><animate attributeName=\\"fill-opacity\\" begin=\\"0s\\" dur=\\"1s\\" values=\\"1;.2;1\\" calcMode=\\"linear\\" repeatCount=\\"indefinite\\"></animate></circle><circle cx=\\"12.5\\" cy=\\"52.5\\" r=\\"12.5\\"><animate attributeName=\\"fill-opacity\\" begin=\\"100ms\\" dur=\\"1s\\" values=\\"1;.2;1\\" calcMode=\\"linear\\" repeatCount=\\"indefinite\\"></animate></circle><circle cx=\\"52.5\\" cy=\\"12.5\\" r=\\"12.5\\"><animate attributeName=\\"fill-opacity\\" begin=\\"300ms\\" dur=\\"1s\\" values=\\"1;.2;1\\" calcMode=\\"linear\\" repeatCount=\\"indefinite\\"></animate></circle><circle cx=\\"52.5\\" cy=\\"52.5\\" r=\\"12.5\\"><animate attributeName=\\"fill-opacity\\" begin=\\"600ms\\" dur=\\"1s\\" values=\\"1;.2;1\\" calcMode=\\"linear\\" repeatCount=\\"indefinite\\"></animate></circle><circle cx=\\"92.5\\" cy=\\"12.5\\" r=\\"12.5\\"><animate attributeName=\\"fill-opacity\\" begin=\\"800ms\\" dur=\\"1s\\" values=\\"1;.2;1\\" calcMode=\\"linear\\" repeatCount=\\"indefinite\\"></animate></circle><circle cx=\\"92.5\\" cy=\\"52.5\\" r=\\"12.5\\"><animate attributeName=\\"fill-opacity\\" begin=\\"400ms\\" dur=\\"1s\\" values=\\"1;.2;1\\" calcMode=\\"linear\\" repeatCount=\\"indefinite\\"></animate></circle><circle cx=\\"12.5\\" cy=\\"92.5\\" r=\\"12.5\\"><animate attributeName=\\"fill-opacity\\" begin=\\"700ms\\" dur=\\"1s\\" values=\\"1;.2;1\\" calcMode=\\"linear\\" repeatCount=\\"indefinite\\"></animate></circle><circle cx=\\"52.5\\" cy=\\"92.5\\" r=\\"12.5\\"><animate attributeName=\\"fill-opacity\\" begin=\\"500ms\\" dur=\\"1s\\" values=\\"1;.2;1\\" calcMode=\\"linear\\" repeatCount=\\"indefinite\\"></animate></circle><circle cx=\\"92.5\\" cy=\\"92.5\\" r=\\"12.5\\"><animate attributeName=\\"fill-opacity\\" begin=\\"200ms\\" dur=\\"1s\\" values=\\"1;.2;1\\" calcMode=\\"linear\\" repeatCount=\\"indefinite\\"></animate></circle></svg></div><div class=\\"text-muted\\" style=\\"font-size: 2rem; margin: 1rem;\\">Loading Fresh Releases…</div></div></div>"`;
